<?xml version="1.0" encoding="utf-8"?><testsuites><testsuite name="pytest" errors="0" failures="0" skipped="0" tests="1" time="0.953" timestamp="2025-05-06T15:25:35.419398" hostname="AdityaSunke"><testcase classname="molecool.tests.test_molecool" name="test_molecool_imported" file="molecool/tests/test_molecool.py" line="12" time="0.012" /></testsuite></testsuites>